// Jest Snapshot v1, https://jestjs.io/docs/snapshot-testing

exports[`RootLayout renders the layout with children 1`] = `
<div>
  <div
    data-testid="mock-theme-provider"
  >
    <div
      class="outline-border rounded-base w600:grid-cols-[70px_auto] w500:grid-cols-1 portrait:w1000:max-h-[800px] mdHeight:w-[100dvw] mdHeight:max-w-[100dvw] grid h-[800px] max-h-[100dvh] w-[1000px] max-w-[1000px] grid-cols-[100px_auto] shadow-[10px_10px_0_0_#000] outline-4 portrait:h-[100dvh]"
    >
      <header>
        <a
          data-testid="mock-link"
          href="/"
        >
          <h1
            class="smallHeight:text-[30px] smallHeight:tracking-[2px] w600:text-[30px] w600:tracking-[2px] -rotate-90 text-[40px] font-bold tracking-[4px] whitespace-nowrap"
          >
            <span
              class="text-main-foreground inline-block"
            >
              MICHAEL FRIED
            </span>
          </h1>
        </a>
      </header>
      <main
        class="rounded-br-base rounded-tr-base bg-background portrait:w1000:h-[800px] relative flex h-[800px] max-h-[100dvh] flex-col font-semibold portrait:h-[100dvh] portrait:max-h-[100dvh] portrait:rounded-none"
      >
        <div
          data-testid="mock-nav"
        >
          Nav Component
        </div>
        <div
          class="main portrait:w1000:h-[800px] h-full max-h-[750px] overflow-y-auto portrait:max-h-[calc(100dvh-50px)]"
        >
          <div
            data-testid="test-children"
          >
            Test Children
          </div>
        </div>
      </main>
    </div>
    <div
      data-testid="mock-chatbot"
    >
      Chatbot Component
    </div>
  </div>
</div>
`;
